[debug] [2026-09-26T09:24:04.865Z] ----------------------------------------------------------------------
[debug] [2026-09-26T09:24:04.871Z] Command:       C:\Program Files\nodejs\node.exe C:\Users\Acer\AppData\Roaming\npm\node_modules\firebase-tools\lib\bin\firebase.js init
[debug] [2026-09-26T09:24:04.872Z] CLI Version:   15.31.0
[debug] [2026-09-26T09:24:04.872Z] Platform:      win32
[debug] [2026-09-26T09:24:04.872Z] Node Version:  v24.21.0
[debug] [2026-09-26T09:24:04.873Z] Detected Agent: unknown
[debug] [2026-09-26T09:24:04.873Z] Time:          Sat Sep 26 2026 17:24:04 GMT+0800 (Central Indonesia Time)
[debug] [2026-09-26T09:24:04.873Z] ----------------------------------------------------------------------
[debug] 
[info] 
     ######## #### ########  ######## ########     ###     ######  ########
     ##        ##  ##     ## ##       ##     ##  ##   ##  ##       ##
     ######    ##  ########  ######   ########  #########  ######  ######
     ##        ##  ##    ##  ##       ##     ## ##     ##       ## ##
     ##       #### ##     ## ######## ########  ##     ##  ######  ########

You're about to initialize a Firebase project in this directory:

  C:\Users\Acer\Desktop\RAWAT JALAN RSHD WEB

[info] 
=== Project Setup
[info] 
[info] First, let's associate this project directory with a Firebase project.
[info] You can create multiple project aliases by running firebase use --add, 
[info] 
[debug] [2026-09-26T10:07:06.603Z] > command requires scopes: ["email","openid","https://www.googleapis.com/auth/cloudplatformprojects.readonly","https://www.googleapis.com/auth/firebase","https://www.googleapis.com/auth/cloud-platform"]
[debug] [2026-09-26T10:07:06.604Z] > authorizing via signed-in user (vakslima@gmail.com)
[debug] [2026-09-26T10:07:06.637Z] Checked if tokens are valid: true, expires at: 1790418138269
[debug] [2026-09-26T10:07:06.637Z] Checked if tokens are valid: true, expires at: 1790418138269
[debug] [2026-09-26T10:07:06.638Z] >>> [apiv2][query] GET https://firebase.googleapis.com/v1beta1/projects pageSize=100
[debug] [2026-09-26T10:07:08.174Z] <<< [apiv2][status] GET https://firebase.googleapis.com/v1beta1/projects 200
[debug] [2026-09-26T10:07:08.175Z] <<< [apiv2][body] GET https://firebase.googleapis.com/v1beta1/projects [omitted]
[info] 
=== Hosting Setup
[debug] [2026-09-26T10:07:36.146Z] Checked if tokens are valid: false, expires at: 1790418138269
[debug] [2026-09-26T10:07:36.146Z] Checked if tokens are valid: false, expires at: 1790418138269
[debug] [2026-09-26T10:07:36.146Z] > refreshing access token with scopes: []
[debug] [2026-09-26T10:07:36.148Z] >>> [apiv2][query] POST https://www.googleapis.com/oauth2/v3/token [none]
[debug] [2026-09-26T10:07:36.148Z] >>> [apiv2][body] POST https://www.googleapis.com/oauth2/v3/token [omitted]
[debug] [2026-09-26T10:07:38.554Z] <<< [apiv2][status] POST https://www.googleapis.com/oauth2/v3/token 200
[debug] [2026-09-26T10:07:38.554Z] <<< [apiv2][body] POST https://www.googleapis.com/oauth2/v3/token [omitted]
[debug] [2026-09-26T10:07:38.575Z] >>> [apiv2][query] GET https://firebase.googleapis.com/v1beta1/projects/rawat-jalan-rshd [none]
[debug] [2026-09-26T10:07:39.538Z] <<< [apiv2][status] GET https://firebase.googleapis.com/v1beta1/projects/rawat-jalan-rshd 200
[debug] [2026-09-26T10:07:39.539Z] <<< [apiv2][body] GET https://firebase.googleapis.com/v1beta1/projects/rawat-jalan-rshd {"projectId":"rawat-jalan-rshd","projectNumber":"317242256639","displayName":"RAWAT JALAN RSHD","name":"projects/rawat-jalan-rshd","resources":{"hostingSite":"rawat-jalan-rshd"},"state":"ACTIVE","labels":{"firebase":"enabled"},"etag":"1_31ce7f80-d9c2-4348-a30b-1ee3bb01a028"}
[info] 
[info] Your public directory is the folder (relative to your project directory) that
[info] will contain Hosting assets to be uploaded with firebase deploy. If you
[info] have a build process for your assets, use your build's output directory.
[info] 
[debug] [2026-09-26T10:08:36.187Z] ExitPromptError: User force closed the prompt with SIGINT
    at Interface.sigint (C:\Users\Acer\AppData\Roaming\npm\node_modules\firebase-tools\node_modules\@inquirer\core\dist\commonjs\lib\create-prompt.js:101:37)
    at Interface.emit (node:events:514:28)
    at [_ttyWrite] [as _ttyWrite] (node:internal/readline/interface:1343:18)
    at ReadStream.onkeypress (node:internal/readline/interface:289:20)
    at ReadStream.emit (node:events:526:24)
    at emitKeys (node:internal/readline/utils:371:14)
    at emitKeys.next (<anonymous>)
    at ReadStream.onData (node:internal/readline/emitKeypressEvents:64:36)
    at ReadStream.emit (node:events:514:28)
    at addChunk (node:internal/streams/readable:568:12)
[error] 
[error] Error: An unexpected error has occurred.
